[08-Oct-2026 18:35:33 Europe/Brussels] Connexion à la base de données réussie (cool5792_sports_events)
[08-Oct-2026 18:35:33 Europe/Brussels] [2026-10-08 18:35:33] === Début de la requête ===

[2026-10-08 18:35:33] === Début de la requête ===
[08-Oct-2026 18:35:33 Europe/Brussels] [2026-10-08 18:35:33] 📝 POST data: Array
(
    [draftId] => 77
    [title] => Les foulées longuyonnaises
    [description] => Course jeunes à 10h10 ( 3km)
Vestiaires, buvette, restauration. Pas de douches, pas de garderie.
    [categories] => Array
        (
            [0] => 2
            [1] => 7
        )

    [date] => 13/12/2026
    [registrationOpens] => 09:45
    [registrationCloses] => 10:20
    [meeting_name] =>  Salle ASL Auguste Rodry
    [meeting_address] => Rue Louis Barthou, 24 Longuyon
    [meeting_city] => 
    [meeting_coordinates] => 49.4390204,5.608719
    [routes] => Array
        (
            [0] => Array
                (
                    [name] => 
                    [category_id] => 2
                    [gpx_file] => 
                    [distance] => 7.00
                    [elevation] => 
                    [price] => 7.00
                    [description] => Départ à 10h10
Parcours forestiers
                )

            [1] => Array
                (
                    [name] => 
                    [category_id] => 2
                    [gpx_file] => 
                    [distance] => 11.00
                    [elevation] => 
                    [price] => 10.00
                    [description] => Départ à 10h00
Parcours forestiers
                )

            [2] => Array
                (
                    [name] => 
                    [category_id] => 2
                    [gpx_file] => 
                    [distance] => 15.00
                    [elevation] => 
                    [price] => 15.00
                    [description] => Départ à 9h45
Parcours forestiers
                )

            [3] => Array
                (
                    [name] => 
                    [category_id] => 2
                    [gpx_file] => 
                    [distance] => 3.00
                    [elevation] => 
                    [price] => 3.00
                    [description] => Départ à 10h15

                )

            [4] => Array
                (
                    [name] => 
                    [category_id] => 7
                    [gpx_file] => 
                    [distance] => 6.50
                    [elevation] => 
                    [price] => 3.00
                    [description] => Départ à 10h20
                )

        )

    [organizerId] => 1
    [organizerName] => 
    [contacts] => Array
        (
            [0] => Array
                (
                    [name] => Laurence GAVROY
                    [email] => asl.gymnastique54260@gmail.com
                    [phone] => +33 7 69 76 69 27
                )

        )

)


[2026-10-08 18:35:33] 📝 POST data: Array
(
    [draftId] => 77
    [title] => Les foulées longuyonnaises
    [description] => Course jeunes à 10h10 ( 3km)
Vestiaires, buvette, restauration. Pas de douches, pas de garderie.
    [categories] => Array
        (
            [0] => 2
            [1] => 7
        )

    [date] => 13/12/2026
    [registrationOpens] => 09:45
    [registrationCloses] => 10:20
    [meeting_name] =>  Salle ASL Auguste Rodry
    [meeting_address] => Rue Louis Barthou, 24 Longuyon
    [meeting_city] => 
    [meeting_coordinates] => 49.4390204,5.608719
    [routes] => Array
        (
            [0] => Array
                (
                    [name] => 
                    [category_id] => 2
                    [gpx_file] => 
                    [distance] => 7.00
                    [elevation] => 
                    [price] => 7.00
                    [description] => Départ à 10h10
Parcours forestiers
                )

            [1] => Array
                (
                    [name] => 
                    [category_id] => 2
                    [gpx_file] => 
                    [distance] => 11.00
                    [elevation] => 
                    [price] => 10.00
                    [description] => Départ à 10h00
Parcours forestiers
                )

            [2] => Array
                (
                    [name] => 
                    [category_id] => 2
                    [gpx_file] => 
                    [distance] => 15.00
                    [elevation] => 
                    [price] => 15.00
                    [description] => Départ à 9h45
Parcours forestiers
                )

            [3] => Array
                (
                    [name] => 
                    [category_id] => 2
                    [gpx_file] => 
                    [distance] => 3.00
                    [elevation] => 
                    [price] => 3.00
                    [description] => Départ à 10h15

                )

            [4] => Array
                (
                    [name] => 
                    [category_id] => 7
                    [gpx_file] => 
                    [distance] => 6.50
                    [elevation] => 
                    [price] => 3.00
                    [description] => Départ à 10h20
                )

        )

    [organizerId] => 1
    [organizerName] => 
    [contacts] => Array
        (
            [0] => Array
                (
                    [name] => Laurence GAVROY
                    [email] => asl.gymnastique54260@gmail.com
                    [phone] => +33 7 69 76 69 27
                )

        )

)

[08-Oct-2026 18:35:33 Europe/Brussels] [2026-10-08 18:35:33] 📝 SESSION data: Array
(
    [csrf_token] => 71f909bd4d232896aed035c7b86170ae2ca36862c4abb0bdf565b89a385e33c6
    [rate_limit_login] => Array
        (
            [count] => 1
            [first] => 1791477266
        )

    [user_id] => 2
    [user_email] => jarodhc4@gmail.com
    [user_role] => user
    [user] => Array
        (
            [id] => 2
            [email] => jarodhc4@gmail.com
            [role] => user
        )

)


[2026-10-08 18:35:33] 📝 SESSION data: Array
(
    [csrf_token] => 71f909bd4d232896aed035c7b86170ae2ca36862c4abb0bdf565b89a385e33c6
    [rate_limit_login] => Array
        (
            [count] => 1
            [first] => 1791477266
        )

    [user_id] => 2
    [user_email] => jarodhc4@gmail.com
    [user_role] => user
    [user] => Array
        (
            [id] => 2
            [email] => jarodhc4@gmail.com
            [role] => user
        )

)

[08-Oct-2026 18:35:33 Europe/Brussels] [2026-10-08 18:35:33] 📝 SERVER data: Array
(
    [PHP_FCGI_CHILDREN] => 4
    [PWD] => /Applications/MAMP/fcgi-bin
    [SHLVL] => 0
    [PHP_FCGI_MAX_REQUESTS] => 200
    [__CF_USER_TEXT_ENCODING] => 0x1F5:0:0
    [ORIG_SCRIPT_NAME] => /fcgi-bin/php.fcgi
    [ORIG_PATH_TRANSLATED] => /Users/oconrard/Sites/Partageonslaforet/rando.partageonslaforet.be/api/events/publish.php
    [ORIG_PATH_INFO] => /api/events/publish.php
    [ORIG_SCRIPT_FILENAME] => /Applications/MAMP/fcgi-bin/php.fcgi
    [SCRIPT_NAME] => /api/events/publish.php
    [REQUEST_URI] => /api/events/publish.php
    [QUERY_STRING] => 
    [REQUEST_METHOD] => POST
    [SERVER_PROTOCOL] => HTTP/1.1
    [GATEWAY_INTERFACE] => CGI/1.1
    [REDIRECT_URL] => /api/events/publish.php
    [REMOTE_PORT] => 57966
    [SCRIPT_FILENAME] => /Users/oconrard/Sites/Partageonslaforet/rando.partageonslaforet.be/api/events/publish.php
    [SERVER_ADMIN] => you@example.com
    [CONTEXT_DOCUMENT_ROOT] => /Applications/MAMP/fcgi-bin/
    [CONTEXT_PREFIX] => /fcgi-bin/
    [REQUEST_SCHEME] => http
    [DOCUMENT_ROOT] => /Users/oconrard/Sites/Partageonslaforet/rando.partageonslaforet.be
    [REMOTE_ADDR] => 127.0.0.1
    [SERVER_PORT] => 8888
    [SERVER_ADDR] => 127.0.0.1
    [SERVER_NAME] => localhost
    [SERVER_SOFTWARE] => Apache/2.4.62 (Unix) OpenSSL/1.1.1w mod_fastcgi/mod_fastcgi-SNAP-0910052141
    [SERVER_SIGNATURE] => 
    [PATH] => /usr/bin:/bin:/usr/sbin:/sbin
    [HTTP_PRIORITY] => u=4
    [HTTP_SEC_FETCH_SITE] => same-origin
    [HTTP_SEC_FETCH_MODE] => cors
    [HTTP_SEC_FETCH_DEST] => empty
    [HTTP_COOKIE] => plf_lang=fr; _pk_id.1.1fff=b7ece2f8575a3f81.1759054166.; PHPSESSID=1qsoh3ge2pvobmv58b7ln5ca1h
    [HTTP_CONNECTION] => keep-alive
    [HTTP_ORIGIN] => http://localhost:8888
    [CONTENT_LENGTH] => 8019
    [CONTENT_TYPE] => multipart/form-data; boundary=----geckoformboundary74adb106fd5ca6218d7272fcc4b47584
    [HTTP_REFERER] => http://localhost:8888/?create=1&draft_id=77
    [HTTP_ACCEPT_ENCODING] => gzip, deflate, br, zstd
    [HTTP_ACCEPT_LANGUAGE] => fr-BE
    [HTTP_ACCEPT] => */*
    [HTTP_USER_AGENT] => Mozilla/5.0 (Macintosh; Intel Mac OS X 10.15; rv:158.0) Gecko/20100101 Firefox/158.0
    [HTTP_HOST] => localhost:8888
    [REDIRECT_STATUS] => 200
    [REDIRECT_HANDLER] => php-fastcgi
    [FCGI_ROLE] => RESPONDER
    [PHP_SELF] => /api/events/publish.php
    [REQUEST_TIME_FLOAT] => 1791477333.8045
    [REQUEST_TIME] => 1791477333
    [DB_HOST] => 127.0.0.1
    [DB_PORT] => 3306
    [DB_NAME] => cool5792_sports_events
    [DB_USER] => root
    [DB_PASS] => root
    [APP_URL] => http://localhost:8888
    [APP_NAME] => Partageons La Forêt
    [DEBUG] => true
    [MAIL_HOST] => localhost
    [MAIL_PORT] => 1025
    [MAIL_USERNAME] => 
    [MAIL_PASSWORD] => 
    [MAIL_ENCRYPTION] => 
    [MAIL_FROM_EMAIL] => noreply@partageonslaforet.be
    [MAIL_FROM_NAME] => Partageons La Forêt
)


[2026-10-08 18:35:33] 📝 SERVER data: Array
(
    [PHP_FCGI_CHILDREN] => 4
    [PWD] => /Applications/MAMP/fcgi-bin
    [SHLVL] => 0
    [PHP_FCGI_MAX_REQUESTS] => 200
    [__CF_USER_TEXT_ENCODING] => 0x1F5:0:0
    [ORIG_SCRIPT_NAME] => /fcgi-bin/php.fcgi
    [ORIG_PATH_TRANSLATED] => /Users/oconrard/Sites/Partageonslaforet/rando.partageonslaforet.be/api/events/publish.php
    [ORIG_PATH_INFO] => /api/events/publish.php
    [ORIG_SCRIPT_FILENAME] => /Applications/MAMP/fcgi-bin/php.fcgi
    [SCRIPT_NAME] => /api/events/publish.php
    [REQUEST_URI] => /api/events/publish.php
    [QUERY_STRING] => 
    [REQUEST_METHOD] => POST
    [SERVER_PROTOCOL] => HTTP/1.1
    [GATEWAY_INTERFACE] => CGI/1.1
    [REDIRECT_URL] => /api/events/publish.php
    [REMOTE_PORT] => 57966
    [SCRIPT_FILENAME] => /Users/oconrard/Sites/Partageonslaforet/rando.partageonslaforet.be/api/events/publish.php
    [SERVER_ADMIN] => you@example.com
    [CONTEXT_DOCUMENT_ROOT] => /Applications/MAMP/fcgi-bin/
    [CONTEXT_PREFIX] => /fcgi-bin/
    [REQUEST_SCHEME] => http
    [DOCUMENT_ROOT] => /Users/oconrard/Sites/Partageonslaforet/rando.partageonslaforet.be
    [REMOTE_ADDR] => 127.0.0.1
    [SERVER_PORT] => 8888
    [SERVER_ADDR] => 127.0.0.1
    [SERVER_NAME] => localhost
    [SERVER_SOFTWARE] => Apache/2.4.62 (Unix) OpenSSL/1.1.1w mod_fastcgi/mod_fastcgi-SNAP-0910052141
    [SERVER_SIGNATURE] => 
    [PATH] => /usr/bin:/bin:/usr/sbin:/sbin
    [HTTP_PRIORITY] => u=4
    [HTTP_SEC_FETCH_SITE] => same-origin
    [HTTP_SEC_FETCH_MODE] => cors
    [HTTP_SEC_FETCH_DEST] => empty
    [HTTP_COOKIE] => plf_lang=fr; _pk_id.1.1fff=b7ece2f8575a3f81.1759054166.; PHPSESSID=1qsoh3ge2pvobmv58b7ln5ca1h
    [HTTP_CONNECTION] => keep-alive
    [HTTP_ORIGIN] => http://localhost:8888
    [CONTENT_LENGTH] => 8019
    [CONTENT_TYPE] => multipart/form-data; boundary=----geckoformboundary74adb106fd5ca6218d7272fcc4b47584
    [HTTP_REFERER] => http://localhost:8888/?create=1&draft_id=77
    [HTTP_ACCEPT_ENCODING] => gzip, deflate, br, zstd
    [HTTP_ACCEPT_LANGUAGE] => fr-BE
    [HTTP_ACCEPT] => */*
    [HTTP_USER_AGENT] => Mozilla/5.0 (Macintosh; Intel Mac OS X 10.15; rv:158.0) Gecko/20100101 Firefox/158.0
    [HTTP_HOST] => localhost:8888
    [REDIRECT_STATUS] => 200
    [REDIRECT_HANDLER] => php-fastcgi
    [FCGI_ROLE] => RESPONDER
    [PHP_SELF] => /api/events/publish.php
    [REQUEST_TIME_FLOAT] => 1791477333.8045
    [REQUEST_TIME] => 1791477333
    [DB_HOST] => 127.0.0.1
    [DB_PORT] => 3306
    [DB_NAME] => cool5792_sports_events
    [DB_USER] => root
    [DB_PASS] => root
    [APP_URL] => http://localhost:8888
    [APP_NAME] => Partageons La Forêt
    [DEBUG] => true
    [MAIL_HOST] => localhost
    [MAIL_PORT] => 1025
    [MAIL_USERNAME] => 
    [MAIL_PASSWORD] => 
    [MAIL_ENCRYPTION] => 
    [MAIL_FROM_EMAIL] => noreply@partageonslaforet.be
    [MAIL_FROM_NAME] => Partageons La Forêt
)

[08-Oct-2026 18:35:33 Europe/Brussels] [2026-10-08 18:35:33] ✅ Utilisateur connecté (ID: 2)

[2026-10-08 18:35:33] ✅ Utilisateur connecté (ID: 2)
[08-Oct-2026 18:35:33 Europe/Brussels] [2026-10-08 18:35:33] Draft ID: 77

[2026-10-08 18:35:33] Draft ID: 77
[08-Oct-2026 18:35:33 Europe/Brussels] [2026-10-08 18:35:33] ✅ Données du brouillon trouvées

[2026-10-08 18:35:33] ✅ Données du brouillon trouvées
[08-Oct-2026 18:35:33 Europe/Brussels] [2026-10-08 18:35:33] 📝 Informations de l'événement:

[2026-10-08 18:35:33] 📝 Informations de l'événement:
[08-Oct-2026 18:35:33 Europe/Brussels] [2026-10-08 18:35:33] - Titre: Les foulées longuyonnaises

[2026-10-08 18:35:33] - Titre: Les foulées longuyonnaises
[08-Oct-2026 18:35:33 Europe/Brussels] [2026-10-08 18:35:33] - Date: 2026-12-13

[2026-10-08 18:35:33] - Date: 2026-12-13
[08-Oct-2026 18:35:33 Europe/Brussels] [2026-10-08 18:35:33] - Heures d'inscription: 09:45:00 à 10:20:00

[2026-10-08 18:35:33] - Heures d'inscription: 09:45:00 à 10:20:00
[08-Oct-2026 18:35:33 Europe/Brussels] [2026-10-08 18:35:33] - Lieu:  Salle ASL Auguste Rodry

[2026-10-08 18:35:33] - Lieu:  Salle ASL Auguste Rodry
[08-Oct-2026 18:35:33 Europe/Brussels] [2026-10-08 18:35:33] - Adresse: Rue Louis Barthou, 24 Longuyon

[2026-10-08 18:35:33] - Adresse: Rue Louis Barthou, 24 Longuyon
[08-Oct-2026 18:35:33 Europe/Brussels] [2026-10-08 18:35:33] - Coordonnées: 49.4390204,5.608719

[2026-10-08 18:35:33] - Coordonnées: 49.4390204,5.608719
[08-Oct-2026 18:35:33 Europe/Brussels] [2026-10-08 18:35:33] 🔁 Mise à jour de l'événement existant ID=20 -> statut 'pending'

[2026-10-08 18:35:33] 🔁 Mise à jour de l'événement existant ID=20 -> statut 'pending'
[08-Oct-2026 18:35:33 Europe/Brussels] [2026-10-08 18:35:33] 🔄 Association des tags d'activité

[2026-10-08 18:35:33] 🔄 Association des tags d'activité
[08-Oct-2026 18:35:33 Europe/Brussels] [2026-10-08 18:35:33] ✅ Tags associés

[2026-10-08 18:35:33] ✅ Tags associés
[08-Oct-2026 18:35:33 Europe/Brussels] [2026-10-08 18:35:33] ✅ Category_id synchronisé

[2026-10-08 18:35:33] ✅ Category_id synchronisé
[08-Oct-2026 18:35:33 Europe/Brussels] [2026-10-08 18:35:33] 🔄 Copie des images

[2026-10-08 18:35:33] 🔄 Copie des images
[08-Oct-2026 18:35:33 Europe/Brussels] [2026-10-08 18:35:33] ✅ Images copiées

[2026-10-08 18:35:33] ✅ Images copiées
[08-Oct-2026 18:35:33 Europe/Brussels] [2026-10-08 18:35:33] 🔄 Copie des contacts

[2026-10-08 18:35:33] 🔄 Copie des contacts
[08-Oct-2026 18:35:33 Europe/Brussels] [2026-10-08 18:35:33] ✅ Contacts copiés

[2026-10-08 18:35:33] ✅ Contacts copiés
[08-Oct-2026 18:35:33 Europe/Brussels] [2026-10-08 18:35:33] 🔄 Copie des parcours

[2026-10-08 18:35:33] 🔄 Copie des parcours
[08-Oct-2026 18:35:33 Europe/Brussels] [2026-10-08 18:35:33] ✅ Parcours copiés

[2026-10-08 18:35:33] ✅ Parcours copiés
[08-Oct-2026 18:35:33 Europe/Brussels] [2026-10-08 18:35:33] 🔄 Mise à jour du statut du brouillon

[2026-10-08 18:35:33] 🔄 Mise à jour du statut du brouillon
[08-Oct-2026 18:35:33 Europe/Brussels] [2026-10-08 18:35:33] ✅ Statut du brouillon mis à jour

[2026-10-08 18:35:33] ✅ Statut du brouillon mis à jour
[08-Oct-2026 18:35:33 Europe/Brussels] [2026-10-08 18:35:33] ✅ Transaction validée avec succès

[2026-10-08 18:35:33] ✅ Transaction validée avec succès
[08-Oct-2026 18:35:33 Europe/Brussels] [2026-10-08 18:35:33] 🔄 Récupération des données pour l'email

[2026-10-08 18:35:33] 🔄 Récupération des données pour l'email
[08-Oct-2026 18:35:33 Europe/Brussels] [2026-10-08 18:35:33] ✅ Données trouvées pour l'email

[2026-10-08 18:35:33] ✅ Données trouvées pour l'email
[08-Oct-2026 18:35:33 Europe/Brussels] [2026-10-08 18:35:33] 📝 Données de l'événement: {
    "id": 20,
    "title": "Les foul\u00e9es longuyonnaises",
    "description": "Course jeunes \u00e0 10h10 ( 3km)\r\nVestiaires, buvette, restauration. Pas de douches, pas de garderie.",
    "category_id": 2,
    "date": "2026-12-13",
    "start_time": "09:00:00",
    "end_time": "10:00:00",
    "registration_opens": "09:45:00",
    "registration_closes": "10:20:00",
    "location": " Salle ASL Auguste Rodry",
    "venue": "Rue Louis Barthou, 24 Longuyon",
    "coordinates": "49.4390204,5.608719",
    "meeting_name": " Salle ASL Auguste Rodry",
    "meeting_address": "Rue Louis Barthou, 24 Longuyon",
    "meeting_city": "Longuyon",
    "meeting_coordinates": "49.4390204,5.608719",
    "difficulty": null,
    "max_participants": null,
    "status": "pending",
    "submitted_at": null,
    "validated_at": null,
    "validated_by": null,
    "rejection_reason": null,
    "main_image_path": null,
    "main_image": null,
    "user_id": 2,
    "organizer_id": 1,
    "created_by": null,
    "organisation": null,
    "has_gpx": 0,
    "gpx_path": null,
    "gpx_downloadable": 0,
    "view_count": 10,
    "created_at": "2026-09-15 20:13:45",
    "updated_at": "2026-10-08 18:35:33",
    "is_cancelled": 0,
    "cancelled_at": null,
    "cancellation_reason": null,
    "organizer_notified_at": "2026-10-07 09:08:08",
    "claim_token": "b0d499041671a0620de6665cc98bc3d282be80a23cbbe169922038872d3564f6",
    "user_email": "jarodhc4@gmail.com"
}

[2026-10-08 18:35:33] 📝 Données de l'événement: {
    "id": 20,
    "title": "Les foul\u00e9es longuyonnaises",
    "description": "Course jeunes \u00e0 10h10 ( 3km)\r\nVestiaires, buvette, restauration. Pas de douches, pas de garderie.",
    "category_id": 2,
    "date": "2026-12-13",
    "start_time": "09:00:00",
    "end_time": "10:00:00",
    "registration_opens": "09:45:00",
    "registration_closes": "10:20:00",
    "location": " Salle ASL Auguste Rodry",
    "venue": "Rue Louis Barthou, 24 Longuyon",
    "coordinates": "49.4390204,5.608719",
    "meeting_name": " Salle ASL Auguste Rodry",
    "meeting_address": "Rue Louis Barthou, 24 Longuyon",
    "meeting_city": "Longuyon",
    "meeting_coordinates": "49.4390204,5.608719",
    "difficulty": null,
    "max_participants": null,
    "status": "pending",
    "submitted_at": null,
    "validated_at": null,
    "validated_by": null,
    "rejection_reason": null,
    "main_image_path": null,
    "main_image": null,
    "user_id": 2,
    "organizer_id": 1,
    "created_by": null,
    "organisation": null,
    "has_gpx": 0,
    "gpx_path": null,
    "gpx_downloadable": 0,
    "view_count": 10,
    "created_at": "2026-09-15 20:13:45",
    "updated_at": "2026-10-08 18:35:33",
    "is_cancelled": 0,
    "cancelled_at": null,
    "cancellation_reason": null,
    "organizer_notified_at": "2026-10-07 09:08:08",
    "claim_token": "b0d499041671a0620de6665cc98bc3d282be80a23cbbe169922038872d3564f6",
    "user_email": "jarodhc4@gmail.com"
}
[08-Oct-2026 18:35:33 Europe/Brussels] [2026-10-08 18:35:33] ✅ Classe Mailer chargée

[2026-10-08 18:35:33] ✅ Classe Mailer chargée
[08-Oct-2026 18:35:33 Europe/Brussels] [2026-10-08 18:35:33] 🔄 Création de l'instance Mailer

[2026-10-08 18:35:33] 🔄 Création de l'instance Mailer
[08-Oct-2026 18:35:33 Europe/Brussels] [2026-10-08 18:35:33] ✅ Instance Mailer créée

[2026-10-08 18:35:33] ✅ Instance Mailer créée
[08-Oct-2026 18:35:33 Europe/Brussels] [2026-10-08 18:35:33] 🔄 Envoi de l'email à jarodhc4@gmail.com

[2026-10-08 18:35:33] 🔄 Envoi de l'email à jarodhc4@gmail.com
[08-Oct-2026 18:35:35 Europe/Brussels] [2026-10-08 18:35:35] ✅ Email de confirmation envoyé à jarodhc4@gmail.com

[2026-10-08 18:35:35] ✅ Email de confirmation envoyé à jarodhc4@gmail.com
[08-Oct-2026 18:35:36 Europe/Brussels] [2026-10-08 18:35:36] ✅ Email admin de validation envoyé à rando@partageonslaforet.be

[2026-10-08 18:35:36] ✅ Email admin de validation envoyé à rando@partageonslaforet.be
